2026-09-28 18:16:17 [INFO] slotbot: Initializing database...
2026-09-28 18:16:17 [INFO] slotbot: Database initialized successfully.
2026-09-28 18:16:17 [INFO] slotbot: Loaded extension: cogs.slot_commands
2026-09-28 18:16:17 [INFO] slotbot: Loaded extension: cogs.ticket_commands
2026-09-28 18:16:17 [INFO] slotbot: Loaded extension: cogs.background_tasks
2026-09-28 18:16:17 [INFO] slotbot: Loaded extension: cogs.error_handler
2026-09-28 18:16:17 [INFO] slotbot: Registered 0 persistent slot views and TicketView.
2026-09-28 18:16:18 [INFO] slotbot: Synced slash commands to guild ID: 1104701279005069334
2026-09-28 18:16:21 [INFO] slotbot: Logged in as Severus#8823 (ID: 1470394602774335672)
2026-09-28 18:16:21 [INFO] slotbot: Running scheduled slot expiry check...
2026-09-28 18:16:21 [INFO] slotbot: Running stale ticket watchdog...
2026-09-28 18:17:06 [ERROR] slotbot: App command error in /slot: Command 'slot' raised an exception: HTTPException: 400 Bad Request (error code: 50035): Invalid Form Body
In components.0.components.1.url: Scheme "1104701279634198541" is not supported. Scheme must be one of ('http', 'https', 'discord'). Not a well formed URL.
2026-09-28 18:25:30 [INFO] slotbot: Initializing database...
2026-09-28 18:25:30 [INFO] slotbot: Database initialized successfully.
2026-09-28 18:25:30 [INFO] slotbot: Loaded extension: cogs.slot_commands
2026-09-28 18:25:30 [INFO] slotbot: Loaded extension: cogs.mention_monitor
2026-09-28 18:25:30 [INFO] slotbot: Loaded extension: cogs.background_tasks
2026-09-28 18:25:30 [INFO] slotbot: Loaded extension: cogs.error_handler
2026-09-28 18:25:30 [INFO] slotbot: Registered 2 persistent slot views.
2026-09-28 18:25:30 [INFO] slotbot: Synced slash commands to guild ID: 1104701279005069334
2026-09-28 18:25:33 [INFO] slotbot: Logged in as Severus#8823 (ID: 1470394602774335672)
2026-09-28 18:25:33 [INFO] slotbot: Running scheduled slot expiry check...
2026-09-28 18:25:57 [ERROR] slotbot: App command error in /remove_slot: Command 'remove_slot' raised an exception: NotFound: 404 Not Found (error code: 10008): Unknown Message
2026-09-28 19:08:04,338 [WARNING] discord.client: PyNaCl is not installed, voice will NOT be supported
2026-09-28 19:08:04,339 [WARNING] discord.client: davey is not installed, voice will NOT be supported
2026-09-28 19:08:04,340 [INFO] discord.client: logging in using static token
2026-09-28 19:08:06,014 [INFO] slotbot: Initializing database...
2026-09-28 19:08:06,026 [INFO] slotbot: Loaded cogs module.
2026-09-28 19:08:06,031 [INFO] slotbot: Registered 1 persistent slot views.
2026-09-28 19:08:06,324 [INFO] slotbot: Synced commands to guild ID: 1104701279005069334
2026-09-28 19:08:07,022 [INFO] discord.gateway: Shard ID None has connected to Gateway (Session ID: 8a53b605256b8aba3db4b59e37df062e).
2026-09-28 19:08:09,029 [INFO] slotbot: Logged in as Severus#8823 (ID: 1470394602774335672)
